Traceback (most recent call last):
  File "/home/jules/verification/verify_marketing_suite.py", line 38, in <module>
    verify_marketing_suite()
  File "/home/jules/verification/verify_marketing_suite.py", line 14, in verify_marketing_suite
    page.wait_for_url("http://127.0.0.1:8000/dashboard")
  File "/home/jules/.pyenv/versions/3.12.12/lib/python3.12/site-packages/playwright/sync_api/_generated.py", line 9193, in wait_for_url
    self._sync(
  File "/home/jules/.pyenv/versions/3.12.12/lib/python3.12/site-packages/playwright/_impl/_sync_base.py", line 115, in _sync
    return task.result()
           ^^^^^^^^^^^^^
  File "/home/jules/.pyenv/versions/3.12.12/lib/python3.12/site-packages/playwright/_impl/_page.py", line 580, in wait_for_url
    return await self._main_frame.wait_for_url(**locals_to_params(locals()))
           ^^^^^^^^^^^^^^^^^^^^^^^^^^^^^^^^^^^^^^^^^^^^^^^^^^^^^^^^^^^^^^^^^
  File "/home/jules/.pyenv/versions/3.12.12/lib/python3.12/site-packages/playwright/_impl/_frame.py", line 263, in wait_for_url
    async with self.expect_navigation(
               ^^^^^^^^^^^^^^^^^^^^^^^
  File "/home/jules/.pyenv/versions/3.12.12/lib/python3.12/site-packages/playwright/_impl/_event_context_manager.py", line 33, in __aexit__
    await self._future
  File "/home/jules/.pyenv/versions/3.12.12/lib/python3.12/site-packages/playwright/_impl/_frame.py", line 239, in continuation
    event = await waiter.result()
            ^^^^^^^^^^^^^^^^^^^^^
playwright._impl._errors.TimeoutError: Timeout 30000ms exceeded.
=========================== logs ===========================
waiting for navigation to "http://127.0.0.1:8000/dashboard" until 'load'
============================================================
